> Task :app:preBuild UP-TO-DATE
> Task :app:preDebugBuild UP-TO-DATE
> Task :app:mergeDebugNativeDebugMetadata NO-SOURCE
> Task :app:checkKotlinGradlePluginConfigurationErrors SKIPPED
> Task :app:generateDebugBuildConfig UP-TO-DATE
> Task :app:checkDebugAarMetadata UP-TO-DATE
> Task :app:generateDebugResValues UP-TO-DATE
> Task :app:mapDebugSourceSetPaths UP-TO-DATE
> Task :app:generateDebugResources UP-TO-DATE
> Task :app:mergeDebugResources UP-TO-DATE
> Task :app:packageDebugResources UP-TO-DATE
> Task :app:parseDebugLocalResources UP-TO-DATE
> Task :app:createDebugCompatibleScreenManifests UP-TO-DATE
> Task :app:extractDeepLinksDebug UP-TO-DATE
> Task :app:processDebugMainManifest UP-TO-DATE
> Task :app:processDebugManifest UP-TO-DATE
> Task :app:processDebugManifestForPackage UP-TO-DATE
> Task :app:processDebugResources UP-TO-DATE
> Task :app:compileDebugKotlin UP-TO-DATE
> Task :app:javaPreCompileDebug UP-TO-DATE
> Task :app:compileDebugJavaWithJavac UP-TO-DATE
> Task :app:mergeDebugShaders UP-TO-DATE
> Task :app:compileDebugShaders NO-SOURCE
> Task :app:generateDebugAssets UP-TO-DATE
> Task :app:mergeDebugAssets UP-TO-DATE
> Task :app:compressDebugAssets UP-TO-DATE
> Task :app:processDebugJavaRes UP-TO-DATE
> Task :app:mergeDebugJavaResource UP-TO-DATE
> Task :app:checkDebugDuplicateClasses UP-TO-DATE
> Task :app:desugarDebugFileDependencies UP-TO-DATE
> Task :app:mergeDebugStartupProfile UP-TO-DATE
> Task :app:mergeExtDexDebug UP-TO-DATE
> Task :app:mergeLibDexDebug UP-TO-DATE
> Task :app:dexBuilderDebug UP-TO-DATE
> Task :app:mergeProjectDexDebug UP-TO-DATE
> Task :app:configureCMakeDebug[arm64-v8a]

> Task :app:buildCMakeDebug[arm64-v8a] FAILED
C/C++: ninja: Entering directory `E:\MyApps\idolypride-addon\app\.cxx\Debug\27x1x2k5\arm64-v8a'
C/C++: C:\Users\Cyle\AppData\Local\Android\Sdk\ndk\26.3.11579264\toolchains\llvm\prebuilt\windows-x86_64\bin\clang++.exe --target=aarch64-none-linux-android29 --sysroot=C:/Users/Cyle/AppData/Local/Android/Sdk/ndk/26.3.11579264/toolchains/llvm/prebuilt/windows-x86_64/sysroot -DHoshimiLocalify_EXPORTS -IE:/MyApps/idolypride-addon/app/src/main/cpp/HoshimiLocalify -IE:/MyApps/idolypride-addon/app/src/main/cpp/deps -isystem C:/Users/Cyle/.gradle/caches/8.8/transforms/fa6b39b76094c63079fa54501002ad57/transformed/xdl-2.1.1/prefab/modules/xdl/include -isystem C:/Users/Cyle/.gradle/caches/8.8/transforms/c5c12696aa895808659fc640c1c1cd55/transformed/shadowhook-1.0.9/prefab/modules/shadowhook/include -g -DANDROID -fdata-sections -ffunction-sections -funwind-tables -fstack-protector-strong -no-canonical-prefixes -D_FORTIFY_SOURCE=2 -Wformat -Werror=format-security   -std=c++23 -fno-limit-debug-info  -fPIC -fdeclspec -Wno-undefined-bool-conversion -std=gnu++2b -MD -MT CMakeFiles/HoshimiLocalify.dir/HoshimiLocalify/Hook.cpp.o -MF CMakeFiles\HoshimiLocalify.dir\HoshimiLocalify\Hook.cpp.o.d -o CMakeFiles/HoshimiLocalify.dir/HoshimiLocalify/Hook.cpp.o -c E:/MyApps/idolypride-addon/app/src/main/cpp/HoshimiLocalify/Hook.cpp
C/C++: E:/MyApps/idolypride-addon/app/src/main/cpp/HoshimiLocalify/Hook.cpp:435:21: error: use of undeclared identifier 'get_fallbackFontAssetTable'; did you mean 'get_fallbackFontAssets'?
C/C++:                 if (get_fallbackFontAssetTable) {
C/C++:                     ^~~~~~~~~~~~~~~~~~~~~~~~~~
C/C++:                     get_fallbackFontAssets
C/C++: E:/MyApps/idolypride-addon/app/src/main/cpp/HoshimiLocalify/Hook.cpp:387:21: note: 'get_fallbackFontAssets' declared here
C/C++:         static auto get_fallbackFontAssets = Il2cppUtils::GetMethod("Unity.TextMeshPro.dll", "TMPro", "TMP_Settings", "get_fallbackFontAssets");
C/C++:                     ^
C/C++: E:/MyApps/idolypride-addon/app/src/main/cpp/HoshimiLocalify/Hook.cpp:436:37: error: use of undeclared identifier 'get_fallbackFontAssetTable'; did you mean 'get_fallbackFontAssets'?
C/C++:                     fallbackTable = get_fallbackFontAssetTable->Invoke<void*>(fontAsset);
C/C++:                                     ^~~~~~~~~~~~~~~~~~~~~~~~~~
C/C++:                                     get_fallbackFontAssets
C/C++: E:/MyApps/idolypride-addon/app/src/main/cpp/HoshimiLocalify/Hook.cpp:387:21: note: 'get_fallbackFontAssets' declared here
C/C++:         static auto get_fallbackFontAssets = Il2cppUtils::GetMethod("Unity.TextMeshPro.dll", "TMPro", "TMP_Settings", "get_fallbackFontAssets");
C/C++:                     ^
C/C++: In file included from E:/MyApps/idolypride-addon/app/src/main/cpp/HoshimiLocalify/Hook.cpp:5:
C/C++: E:/MyApps/idolypride-addon/app/src/main/cpp/HoshimiLocalify/../deps/UnityResolve/UnityResolve.hpp:545:5: warning: expression result unused [-Wunused-value]
C/C++:                                 Return();
C/C++:                                 ^~~~~~~~
C/C++: E:/MyApps/idolypride-addon/app/src/main/cpp/HoshimiLocalify/../deps/UnityResolve/UnityResolve.hpp:84:38: note: in instantiation of function template specialization 'UnityResolve::Invoke<void *, void *>' requested here
C/C++:                         if (mode_ == Mode::Il2Cpp) return Invoke<void*>("il2cpp_type_get_object", address);
C/C++:                                                           ^
C/C++: E:/MyApps/idolypride-addon/app/src/main/cpp/HoshimiLocalify/../deps/UnityResolve/UnityResolve.hpp:548:3: warning: expression result unused [-Wunused-value]
C/C++:                 Return();
C/C++:                 ^~~~~~~~
C/C++: E:/MyApps/idolypride-addon/app/src/main/cpp/HoshimiLocalify/../deps/UnityResolve/UnityResolve.hpp:545:5: warning: expression result unused [-Wunused-value]
C/C++:                                 Return();
C/C++:                                 ^~~~~~~~
C/C++: E:/MyApps/idolypride-addon/app/src/main/cpp/HoshimiLocalify/../deps/UnityResolve/UnityResolve.hpp:85:11: note: in instantiation of function template specialization 'UnityResolve::Invoke<void *, void *, void *>' requested here
C/C++:                         return Invoke<void*>("mono_type_get_object", pDomain, address);
C/C++:                                ^
C/C++: E:/MyApps/idolypride-addon/app/src/main/cpp/HoshimiLocalify/../deps/UnityResolve/UnityResolve.hpp:548:3: warning: expression result unused [-Wunused-value]
C/C++:                 Return();
C/C++:                 ^~~~~~~~
C/C++: E:/MyApps/idolypride-addon/app/src/main/cpp/HoshimiLocalify/../deps/UnityResolve/UnityResolve.hpp:545:5: warning: expression result unused [-Wunused-value]
C/C++:                                 Return();
C/C++:                                 ^~~~~~~~
C/C++: E:/MyApps/idolypride-addon/app/src/main/cpp/HoshimiLocalify/../deps/UnityResolve/UnityResolve.hpp:287:14: note: in instantiation of function template specialization 'UnityResolve::Invoke<void *>' requested here
C/C++:                         pDomain = Invoke<void*>("il2cpp_domain_get");
C/C++:                                   ^
C/C++: E:/MyApps/idolypride-addon/app/src/main/cpp/HoshimiLocalify/../deps/UnityResolve/UnityResolve.hpp:548:3: warning: expression result unused [-Wunused-value]
C/C++:                 Return();
C/C++:                 ^~~~~~~~
C/C++: E:/MyApps/idolypride-addon/app/src/main/cpp/HoshimiLocalify/../deps/UnityResolve/UnityResolve.hpp:545:5: warning: expression result unused [-Wunused-value]
C/C++:                                 Return();
C/C++:                                 ^~~~~~~~
C/C++: E:/MyApps/idolypride-addon/app/src/main/cpp/HoshimiLocalify/../deps/UnityResolve/UnityResolve.hpp:563:28: note: in instantiation of function template specialization 'UnityResolve::Invoke<void **, void *, unsigned long *>' requested here
C/C++:                         const auto assemblies = Invoke<void**>("il2cpp_domain_get_assemblies", pDomain, &nrofassemblies);
C/C++:                                                 ^
C/C++: E:/MyApps/idolypride-addon/app/src/main/cpp/HoshimiLocalify/../deps/UnityResolve/UnityResolve.hpp:548:3: warning: expression result unused [-Wunused-value]
C/C++:                 Return();
C/C++:                 ^~~~~~~~
C/C++: E:/MyApps/idolypride-addon/app/src/main/cpp/HoshimiLocalify/../deps/UnityResolve/UnityResolve.hpp:545:5: warning: expression result unused [-Wunused-value]
C/C++:                                 Return();
C/C++:                                 ^~~~~~~~
C/C++: E:/MyApps/idolypride-addon/app/src/main/cpp/HoshimiLocalify/../deps/UnityResolve/UnityResolve.hpp:569:22: note: in instantiation of function template specialization 'UnityResolve::Invoke<const char *, void *>' requested here
C/C++:                                 assembly->file = Invoke<const char*>("il2cpp_image_get_filename", image);
C/C++:                                                  ^
C/C++: E:/MyApps/idolypride-addon/app/src/main/cpp/HoshimiLocalify/../deps/UnityResolve/UnityResolve.hpp:548:3: warning: expression result unused [-Wunused-value]
C/C++:                 Return();
C/C++:                 ^~~~~~~~
C/C++: E:/MyApps/idolypride-addon/app/src/main/cpp/HoshimiLocalify/../deps/UnityResolve/UnityResolve.hpp:545:5: warning: expression result unused [-Wunused-value]
C/C++:                                 Return();
C/C++:                                 ^~~~~~~~
C/C++: E:/MyApps/idolypride-addon/app/src/main/cpp/HoshimiLocalify/../deps/UnityResolve/UnityResolve.hpp:576:4: note: in instantiation of function template specialization 'UnityResolve::Invoke<void *, void (*)(void *, std::vector<UnityResolve::Assembly *> &), std::vector<UnityResolve::Assembly *> &>' requested here
C/C++:                         Invoke<void*, void(*)(void* ptr, std::vector<Assembly*>&), std::vector<Assembly*>&>("mono_assembly_foreach",
C/C++:                         ^
C/C++: E:/MyApps/idolypride-addon/app/src/main/cpp/HoshimiLocalify/../deps/UnityResolve/UnityResolve.hpp:548:3: warning: expression result unused [-Wunused-value]
C/C++:                 Return();
C/C++:                 ^~~~~~~~
C/C++: E:/MyApps/idolypride-addon/app/src/main/cpp/HoshimiLocalify/../deps/UnityResolve/UnityResolve.hpp:545:5: warning: expression result unused [-Wunused-value]
C/C++:                                 Return();
C/C++:                                 ^~~~~~~~
C/C++: E:/MyApps/idolypride-addon/app/src/main/cpp/HoshimiLocalify/../deps/UnityResolve/UnityResolve.hpp:596:23: note: in instantiation of function template specialization 'UnityResolve::Invoke<int, void *>' requested here
C/C++:                         const auto count = Invoke<int>("il2cpp_image_get_class_count", image);
C/C++:                                            ^
C/C++: E:/MyApps/idolypride-addon/app/src/main/cpp/HoshimiLocalify/../deps/UnityResolve/UnityResolve.hpp:548:3: warning: expression result unused [-Wunused-value]
C/C++:                 Return();
C/C++:                 ^~~~~~~~
C/C++: E:/MyApps/idolypride-addon/app/src/main/cpp/HoshimiLocalify/../deps/UnityResolve/UnityResolve.hpp:545:5: warning: expression result unused [-Wunused-value]
C/C++:                                 Return();
C/C++:                                 ^~~~~~~~
C/C++: E:/MyApps/idolypride-addon/app/src/main/cpp/HoshimiLocalify/../deps/UnityResolve/UnityResolve.hpp:598:25: note: in instantiation of function template specialization 'UnityResolve::Invoke<void *, void *, int>' requested here
C/C++:                                 const auto pClass = Invoke<void*>("il2cpp_image_get_class", image, i);
C/C++:                                                     ^
C/C++: E:/MyApps/idolypride-addon/app/src/main/cpp/HoshimiLocalify/../deps/UnityResolve/UnityResolve.hpp:548:3: warning: expression result unused [-Wunused-value]
C/C++:                 Return();
C/C++:                 ^~~~~~~~
C/C++: E:/MyApps/idolypride-addon/app/src/main/cpp/HoshimiLocalify/../deps/UnityResolve/UnityResolve.hpp:545:5: warning: expression result unused [-Wunused-value]
C/C++:                                 Return();
C/C++:                                 ^~~~~~~~
C/C++: E:/MyApps/idolypride-addon/app/src/main/cpp/HoshimiLocalify/../deps/UnityResolve/UnityResolve.hpp:613:21: note: in instantiation of function template specialization 'UnityResolve::Invoke<void *, void *, void **>' requested here
C/C++:                                         if ((i_class = Invoke<void*>("il2cpp_class_get_interfaces", pClass, &iter))) {
C/C++:                                                        ^
C/C++: E:/MyApps/idolypride-addon/app/src/main/cpp/HoshimiLocalify/../deps/UnityResolve/UnityResolve.hpp:548:3: warning: expression result unused [-Wunused-value]
C/C++:                 Return();
C/C++:                 ^~~~~~~~
C/C++: E:/MyApps/idolypride-addon/app/src/main/cpp/HoshimiLocalify/../deps/UnityResolve/UnityResolve.hpp:545:5: warning: expression result unused [-Wunused-value]
C/C++:                                 Return();
C/C++:                                 ^~~~~~~~
C/C++: E:/MyApps/idolypride-addon/app/src/main/cpp/HoshimiLocalify/../deps/UnityResolve/UnityResolve.hpp:622:24: note: in instantiation of function template specialization 'UnityResolve::Invoke<int, const void *>' requested here
C/C++:                         const auto  count = Invoke<int>("mono_table_info_get_rows", table);
C/C++:                                             ^
C/C++: E:/MyApps/idolypride-addon/app/src/main/cpp/HoshimiLocalify/../deps/UnityResolve/UnityResolve.hpp:548:3: warning: expression result unused [-Wunused-value]
C/C++:                 Return();
C/C++:                 ^~~~~~~~
C/C++: E:/MyApps/idolypride-addon/app/src/main/cpp/HoshimiLocalify/../deps/UnityResolve/UnityResolve.hpp:545:5: warning: expression result unused [-Wunused-value]
C/C++:                                 Return();
C/C++:                                 ^~~~~~~~
C/C++: E:/MyApps/idolypride-addon/app/src/main/cpp/HoshimiLocalify/../deps/UnityResolve/UnityResolve.hpp:675:27: note: in instantiation of function template specialization 'UnityResolve::Invoke<int, void *, int *>' requested here
C/C++:                                         pField->type->size = Invoke<int>("mono_type_size", pField->type->address, &tSize);
C/C++:                                                              ^
C/C++: E:/MyApps/idolypride-addon/app/src/main/cpp/HoshimiLocalify/../deps/UnityResolve/UnityResolve.hpp:548:3: warning: expression result unused [-Wunused-value]
C/C++:                 Return();
C/C++:                 ^~~~~~~~
C/C++: E:/MyApps/idolypride-addon/app/src/main/cpp/HoshimiLocalify/../deps/UnityResolve/UnityResolve.hpp:545:5: warning: expression result unused [-Wunused-value]
C/C++:                                 Return();
C/C++:                                 ^~~~~~~~
C/C++: E:/MyApps/idolypride-addon/app/src/main/cpp/HoshimiLocalify/../deps/UnityResolve/UnityResolve.hpp:704:95: note: in instantiation of function template specialization 'UnityResolve::Invoke<const char *, void *, int>' requested here
C/C++:                                         for (auto index = 0; index < argCount; index++) pMethod->args.push_back(new Method::Arg{ Invoke<const char*>("il2cpp_method_get_param_name", method, index), new Type{.address = Invoke<void*>("il2cpp_method_get_param", method, index), .name = Invoke<const char*>("il2cpp_type_get_name", Invoke<void*>("il2cpp_method_get_param", method, index)), .size = -1} });
C/C++:                                                                                                                                  ^
C/C++: E:/MyApps/idolypride-addon/app/src/main/cpp/HoshimiLocalify/../deps/UnityResolve/UnityResolve.hpp:548:3: warning: expression result unused [-Wunused-value]
C/C++:                 Return();
C/C++:                 ^~~~~~~~
C/C++: E:/MyApps/idolypride-addon/app/src/main/cpp/HoshimiLocalify/../deps/UnityResolve/UnityResolve.hpp:545:5: warning: expression result unused [-Wunused-value]
C/C++:                                 Return();
C/C++:                                 ^~~~~~~~
C/C++: E:/MyApps/idolypride-addon/app/src/main/cpp/HoshimiLocalify/../deps/UnityResolve/UnityResolve.hpp:1407:53: note: in instantiation of function template specialization 'UnityResolve::Invoke<UnityResolve::UnityType::String *, const char *>' requested here
C/C++:                                 if (mode_ == Mode::Il2Cpp) return UnityResolve::Invoke<String*, const char*>("il2cpp_string_new", str.c_str());
C/C++:                                                                                 ^
C/C++: E:/MyApps/idolypride-addon/app/src/main/cpp/HoshimiLocalify/../deps/UnityResolve/UnityResolve.hpp:548:3: warning: expression result unused [-Wunused-value]
C/C++:                 Return();
C/C++:                 ^~~~~~~~
C/C++: E:/MyApps/idolypride-addon/app/src/main/cpp/HoshimiLocalify/../deps/UnityResolve/UnityResolve.hpp:545:5: warning: expression result unused [-Wunused-value]
C/C++:                                 Return();
C/C++:                                 ^~~~~~~~
C/C++: E:/MyApps/idolypride-addon/app/src/main/cpp/HoshimiLocalify/../deps/UnityResolve/UnityResolve.hpp:1408:26: note: in instantiation of function template specialization 'UnityResolve::Invoke<UnityResolve::UnityType::String *, void *, const char *>' requested here
C/C++:                                 return UnityResolve::Invoke<String*, void*, const char*>("mono_string_new", UnityResolve::Invoke<void*>("mono_get_root_domain"), str.c_str());
C/C++:                                                      ^
C/C++: E:/MyApps/idolypride-addon/app/src/main/cpp/HoshimiLocalify/../deps/UnityResolve/UnityResolve.hpp:548:3: warning: expression result unused [-Wunused-value]
C/C++:                 Return();
C/C++:                 ^~~~~~~~
C/C++: E:/MyApps/idolypride-addon/app/src/main/cpp/HoshimiLocalify/../deps/UnityResolve/UnityResolve.hpp:545:5: warning: expression result unused [-Wunused-value]
C/C++:                                 Return();
C/C++:                                 ^~~~~~~~
C/C++: E:/MyApps/idolypride-addon/app/src/main/cpp/HoshimiLocalify/../deps/UnityResolve/UnityResolve.hpp:1489:53: note: in instantiation of function template specialization 'UnityResolve::Invoke<UnityResolve::UnityType::Array<UnityResolve::UnityType::Camera *> *, void *, unsigned long>' requested here
C/C++:                                 if (mode_ == Mode::Il2Cpp) return UnityResolve::Invoke<Array*, void*, std::uintptr_t>("il2cpp_array_new", kalss->address, size);
C/C++:                                                                                 ^
C/C++: E:/MyApps/idolypride-addon/app/src/main/cpp/HoshimiLocalify/../deps/UnityResolve/UnityResolve.hpp:1803:42: note: in instantiation of member function 'UnityResolve::UnityType::Array<UnityResolve::UnityType::Camera *>::New' requested here
C/C++:                                                 const auto array = Array<Camera*>::New(klass, count);
C/C++:                                                                                    ^
C/C++: E:/MyApps/idolypride-addon/app/src/main/cpp/HoshimiLocalify/../deps/UnityResolve/UnityResolve.hpp:548:3: warning: expression result unused [-Wunused-value]
C/C++:                 Return();
C/C++:                 ^~~~~~~~
C/C++: E:/MyApps/idolypride-addon/app/src/main/cpp/HoshimiLocalify/../deps/UnityResolve/UnityResolve.hpp:545:5: warning: expression result unused [-Wunused-value]
C/C++:                                 Return();
C/C++:                                 ^~~~~~~~
C/C++: E:/MyApps/idolypride-addon/app/src/main/cpp/HoshimiLocalify/../deps/UnityResolve/UnityResolve.hpp:1490:26: note: in instantiation of function template specialization 'UnityResolve::Invoke<UnityResolve::UnityType::Array<UnityResolve::UnityType::Camera *> *, void *, void *, unsigned long>' requested here
C/C++:                                 return UnityResolve::Invoke<Array*, void*, void*, std::uintptr_t>("mono_array_new", pDomain, kalss->address, size);
C/C++:                                                      ^
C/C++: E:/MyApps/idolypride-addon/app/src/main/cpp/HoshimiLocalify/../deps/UnityResolve/UnityResolve.hpp:1803:42: note: in instantiation of member function 'UnityResolve::UnityType::Array<UnityResolve::UnityType::Camera *>::New' requested here
C/C++:                                                 const auto array = Array<Camera*>::New(klass, count);
C/C++:                                                                                    ^
C/C++: E:/MyApps/idolypride-addon/app/src/main/cpp/HoshimiLocalify/../deps/UnityResolve/UnityResolve.hpp:548:3: warning: expression result unused [-Wunused-value]
C/C++:                 Return();
C/C++:                 ^~~~~~~~
C/C++: E:/MyApps/idolypride-addon/app/src/main/cpp/HoshimiLocalify/../deps/UnityResolve/UnityResolve.hpp:545:5: warning: expression result unused [-Wunused-value]
C/C++:                                 Return();
C/C++:                                 ^~~~~~~~
C/C++: E:/MyApps/idolypride-addon/app/src/main/cpp/HoshimiLocalify/Il2cppUtils.hpp:165:30: note: in instantiation of function template specialization 'UnityResolve::Invoke<void *, const char *>' requested here
C/C++:         return UnityResolve::Invoke<void*>("il2cpp_resolve_icall", s);
C/C++:                              ^
C/C++: In file included from E:/MyApps/idolypride-addon/app/src/main/cpp/HoshimiLocalify/Hook.cpp:5:
C/C++: E:/MyApps/idolypride-addon/app/src/main/cpp/HoshimiLocalify/../deps/UnityResolve/UnityResolve.hpp:548:3: warning: expression result unused [-Wunused-value]
C/C++:                 Return();
C/C++:                 ^~~~~~~~
C/C++: E:/MyApps/idolypride-addon/app/src/main/cpp/HoshimiLocalify/../deps/UnityResolve/UnityResolve.hpp:545:5: warning: expression result unused [-Wunused-value]
C/C++:                                 Return();
C/C++:                                 ^~~~~~~~
C/C++: E:/MyApps/idolypride-addon/app/src/main/cpp/HoshimiLocalify/Il2cppUtils.hpp:173:30: note: in instantiation of function template specialization 'UnityResolve::Invoke<Il2cppUtils::MethodInfo *, void *, const char *, int>' requested here
C/C++:         return UnityResolve::Invoke<MethodInfo*>("il2cpp_class_get_method_from_name", klass, name, argsCount);
C/C++:                              ^
C/C++: In file included from E:/MyApps/idolypride-addon/app/src/main/cpp/HoshimiLocalify/Hook.cpp:5:
C/C++: E:/MyApps/idolypride-addon/app/src/main/cpp/HoshimiLocalify/../deps/UnityResolve/UnityResolve.hpp:548:3: warning: expression result unused [-Wunused-value]
C/C++:                 Return();
C/C++:                 ^~~~~~~~
C/C++: E:/MyApps/idolypride-addon/app/src/main/cpp/HoshimiLocalify/../deps/UnityResolve/UnityResolve.hpp:545:5: warning: expression result unused [-Wunused-value]
C/C++:                                 Return();
C/C++:                                 ^~~~~~~~
C/C++: E:/MyApps/idolypride-addon/app/src/main/cpp/HoshimiLocalify/Il2cppUtils.hpp:228:30: note: in instantiation of function template specialization 'UnityResolve::Invoke<void *, Il2cppUtils::Il2CppReflectionType *>' requested here
C/C++:         return UnityResolve::Invoke<void*>("il2cpp_class_from_system_type", reflectionType);
C/C++:                              ^
C/C++: In file included from E:/MyApps/idolypride-addon/app/src/main/cpp/HoshimiLocalify/Hook.cpp:5:
C/C++: E:/MyApps/idolypride-addon/app/src/main/cpp/HoshimiLocalify/../deps/UnityResolve/UnityResolve.hpp:548:3: warning: expression result unused [-Wunused-value]
C/C++:                 Return();
C/C++:                 ^~~~~~~~
C/C++: E:/MyApps/idolypride-addon/app/src/main/cpp/HoshimiLocalify/../deps/UnityResolve/UnityResolve.hpp:545:5: warning: expression result unused [-Wunused-value]
C/C++:                                 Return();
C/C++:                                 ^~~~~~~~
C/C++: E:/MyApps/idolypride-addon/app/src/main/cpp/HoshimiLocalify/Il2cppUtils.hpp:234:37: note: in instantiation of function template specialization 'UnityResolve::Invoke<bool, Il2cppUtils::Il2CppClassHead *>' requested here
C/C++:         auto isEnum = UnityResolve::Invoke<bool>("il2cpp_class_is_enum", enumClass);
C/C++:                                     ^
C/C++: In file included from E:/MyApps/idolypride-addon/app/src/main/cpp/HoshimiLocalify/Hook.cpp:5:
C/C++: E:/MyApps/idolypride-addon/app/src/main/cpp/HoshimiLocalify/../deps/UnityResolve/UnityResolve.hpp:548:3: warning: expression result unused [-Wunused-value]
C/C++:                 Return();
C/C++:                 ^~~~~~~~
C/C++: E:/MyApps/idolypride-addon/app/src/main/cpp/HoshimiLocalify/../deps/UnityResolve/UnityResolve.hpp:545:5: warning: expression result unused [-Wunused-value]
C/C++:                                 Return();
C/C++:                                 ^~~~~~~~
C/C++: E:/MyApps/idolypride-addon/app/src/main/cpp/HoshimiLocalify/Il2cppUtils.hpp:244:43: note: in instantiation of function template specialization 'UnityResolve::Invoke<Il2cppUtils::FieldInfo *, Il2cppUtils::Il2CppClassHead *, void **>' requested here
C/C++:             while ((field = UnityResolve::Invoke<FieldInfo*>("il2cpp_class_get_fields", enumClass, &iter))) {
C/C++:                                           ^
C/C++: In file included from E:/MyApps/idolypride-addon/app/src/main/cpp/HoshimiLocalify/Hook.cpp:5:
C/C++: E:/MyApps/idolypride-addon/app/src/main/cpp/HoshimiLocalify/../deps/UnityResolve/UnityResolve.hpp:548:3: warning: expression result unused [-Wunused-value]
C/C++:                 Return();
C/C++:                 ^~~~~~~~
C/C++: E:/MyApps/idolypride-addon/app/src/main/cpp/HoshimiLocalify/../deps/UnityResolve/UnityResolve.hpp:545:5: warning: expression result unused [-Wunused-value]
C/C++:                                 Return();
C/C++:                                 ^~~~~~~~
C/C++: E:/MyApps/idolypride-addon/app/src/main/cpp/HoshimiLocalify/../deps/UnityResolve/UnityResolve.hpp:159:38: note: in instantiation of function template specialization 'UnityResolve::Invoke<void **, void *>' requested here
C/C++:                         if (mode_ == Mode::Il2Cpp) return Invoke<T*, void*>("il2cpp_object_new", address);
C/C++:                                                           ^
C/C++: E:/MyApps/idolypride-addon/app/src/main/cpp/HoshimiLocalify/Hook.cpp:75:44: note: in instantiation of function template specialization 'UnityResolve::Class::New<void *>' requested here
C/C++:         const auto klassInstance = pClass->New<void*>();
C/C++:                                            ^
C/C++: In file included from E:/MyApps/idolypride-addon/app/src/main/cpp/HoshimiLocalify/Hook.cpp:5:
C/C++: E:/MyApps/idolypride-addon/app/src/main/cpp/HoshimiLocalify/../deps/UnityResolve/UnityResolve.hpp:548:3: warning: expression result unused [-Wunused-value]
C/C++:                 Return();
C/C++:                 ^~~~~~~~
C/C++: E:/MyApps/idolypride-addon/app/src/main/cpp/HoshimiLocalify/../deps/UnityResolve/UnityResolve.hpp:545:5: warning: expression result unused [-Wunused-value]
C/C++:                                 Return();
C/C++:                                 ^~~~~~~~
C/C++: E:/MyApps/idolypride-addon/app/src/main/cpp/HoshimiLocalify/../deps/UnityResolve/UnityResolve.hpp:160:11: note: in instantiation of function template specialization 'UnityResolve::Invoke<void **, void *, void *>' requested here
C/C++:                         return Invoke<T*, void*, void*>("mono_object_new", pDomain, address);
C/C++:                                ^
C/C++: E:/MyApps/idolypride-addon/app/src/main/cpp/HoshimiLocalify/Hook.cpp:75:44: note: in instantiation of function template specialization 'UnityResolve::Class::New<void *>' requested here
C/C++:         const auto klassInstance = pClass->New<void*>();
C/C++:                                            ^
C/C++: In file included from E:/MyApps/idolypride-addon/app/src/main/cpp/HoshimiLocalify/Hook.cpp:5:
C/C++: E:/MyApps/idolypride-addon/app/src/main/cpp/HoshimiLocalify/../deps/UnityResolve/UnityResolve.hpp:548:3: warning: expression result unused [-Wunused-value]
C/C++:                 Return();
C/C++:                 ^~~~~~~~
C/C++: 46 warnings and 2 errors generated.
.\gradlew.bat : 
위치 줄:1 문자:63
+ ... roid Studio\jbr"; .\gradlew.bat assembleDebug > build_output.txt 2>&1
+                       ~~~~~~~~~~~~~~~~~~~~~~~~~~~~~~~~~~~~~~~~~~~~~~~~~~~
    + CategoryInfo          : NotSpecified: (:String) [], RemoteException
    + FullyQualifiedErrorId : NativeCommandError
 
FAILURE: Build failed with an exception.

* What went wrong:
Execution failed for task ':app:buildCMakeDebug[arm64-v8a]'.
> com.android.ide.common.process.ProcessException: ninja: Entering directory `E:\MyApps\idolypride-addon\app\.cxx\Debug
\27x1x2k5\arm64-v8a'
  [1/2] Building CXX object CMakeFiles/HoshimiLocalify.dir/HoshimiLocalify/Hook.cpp.o
  FAILED: CMakeFiles/HoshimiLocalify.dir/HoshimiLocalify/Hook.cpp.o 
  C:\Users\Cyle\AppData\Local\Android\Sdk\ndk\26.3.11579264\toolchains\llvm\prebuilt\windows-x86_64\bin\clang++.exe --t
arget=aarch64-none-linux-android29 --sysroot=C:/Users/Cyle/AppData/Local/Android/Sdk/ndk/26.3.11579264/toolchains/llvm/
prebuilt/windows-x86_64/sysroot -DHoshimiLocalify_EXPORTS -IE:/MyApps/idolypride-addon/app/src/main/cpp/HoshimiLocalify
 -IE:/MyApps/idolypride-addon/app/src/main/cpp/deps -isystem C:/Users/Cyle/.gradle/caches/8.8/transforms/fa6b39b76094c6
3079fa54501002ad57/transformed/xdl-2.1.1/prefab/modules/xdl/include -isystem C:/Users/Cyle/.gradle/caches/8.8/transform
s/c5c12696aa895808659fc640c1c1cd55/transformed/shadowhook-1.0.9/prefab/modules/shadowhook/include -g -DANDROID -fdata-s
ections -ffunction-sections -funwind-tables -fstack-protector-strong -no-canonical-prefixes -D_FORTIFY_SOURCE=2 -Wforma
t -Werror=format-security   -std=c++23 -fno-limit-debug-info  -fPIC -fdeclspec -Wno-undefined-bool-conversion -std=gnu+
+2b -MD -MT CMakeFiles/HoshimiLocalify.dir/HoshimiLocalify/Hook.cpp.o -MF CMakeFiles\HoshimiLocalify.dir\HoshimiLocalif
y\Hook.cpp.o.d -o CMakeFiles/HoshimiLocalify.dir/HoshimiLocalify/Hook.cpp.o -c E:/MyApps/idolypride-addon/app/src/main/
cpp/HoshimiLocalify/Hook.cpp
  E:/MyApps/idolypride-addon/app/src/main/cpp/HoshimiLocalify/Hook.cpp:435:21: error: use of undeclared identifier 'get
_fallbackFontAssetTable'; did you mean 'get_fallbackFontAssets'?
                  if (get_fallbackFontAssetTable) {
                      ^~~~~~~~~~~~~~~~~~~~~~~~~~
                      get_fallbackFontAssets
  E:/MyApps/idolypride-addon/app/src/main/cpp/HoshimiLocalify/Hook.cpp:387:21: note: 'get_fallbackFontAssets' declared 
here
          static auto get_fallbackFontAssets = Il2cppUtils::GetMethod("Unity.TextMeshPro.dll", "TMPro", "TMP_Settings",
 "get_fallbackFontAssets");
                      ^
  E:/MyApps/idolypride-addon/app/src/main/cpp/HoshimiLocalify/Hook.cpp:436:37: error: use of undeclared identifier 'get
_fallbackFontAssetTable'; did you mean 'get_fallbackFontAssets'?
                      fallbackTable = get_fallbackFontAssetTable->Invoke<void*>(fontAsset);
                                      ^~~~~~~~~~~~~~~~~~~~~~~~~~
                                      get_fallbackFontAssets
  E:/MyApps/idolypride-addon/app/src/main/cpp/HoshimiLocalify/Hook.cpp:387:21: note: 'get_fallbackFontAssets' declared 
here
          static auto get_fallbackFontAssets = Il2cppUtils::GetMethod("Unity.TextMeshPro.dll", "TMPro", "TMP_Settings",
 "get_fallbackFontAssets");
                      ^
  In file included from E:/MyApps/idolypride-addon/app/src/main/cpp/HoshimiLocalify/Hook.cpp:5:
  E:/MyApps/idolypride-addon/app/src/main/cpp/HoshimiLocalify/../deps/UnityResolve/UnityResolve.hpp:545:5: warning: exp
ression result unused [-Wunused-value]
                                  Return();
                                  ^~~~~~~~
  E:/MyApps/idolypride-addon/app/src/main/cpp/HoshimiLocalify/../deps/UnityResolve/UnityResolve.hpp:84:38: note: in ins
tantiation of function template specialization 'UnityResolve::Invoke<void *, void *>' requested here
                          if (mode_ == Mode::Il2Cpp) return Invoke<void*>("il2cpp_type_get_object", address);
                                                            ^
  E:/MyApps/idolypride-addon/app/src/main/cpp/HoshimiLocalify/../deps/UnityResolve/UnityResolve.hpp:548:3: warning: exp
ression result unused [-Wunused-value]
                  Return();
                  ^~~~~~~~
  E:/MyApps/idolypride-addon/app/src/main/cpp/HoshimiLocalify/../deps/UnityResolve/UnityResolve.hpp:545:5: warning: exp
ression result unused [-Wunused-value]
                                  Return();
                                  ^~~~~~~~
  E:/MyApps/idolypride-addon/app/src/main/cpp/HoshimiLocalify/../deps/UnityResolve/UnityResolve.hpp:85:11: note: in ins
tantiation of function template specialization 'UnityResolve::Invoke<void *, void *, void *>' requested here
                          return Invoke<void*>("mono_type_get_object", pDomain, address);
                                 ^
  E:/MyApps/idolypride-addon/app/src/main/cpp/HoshimiLocalify/../deps/UnityResolve/UnityResolve.hpp:548:3: warning: exp
ression result unused [-Wunused-value]
                  Return();
                  ^~~~~~~~
  E:/MyApps/idolypride-addon/app/src/main/cpp/HoshimiLocalify/../deps/UnityResolve/UnityResolve.hpp:545:5: warning: exp
ression result unused [-Wunused-value]
                                  Return();
                                  ^~~~~~~~
  E:/MyApps/idolypride-addon/app/src/main/cpp/HoshimiLocalify/../deps/UnityResolve/UnityResolve.hpp:287:14: note: in in
stantiation of function template specialization 'UnityResolve::Invoke<void *>' requested here
                          pDomain = Invoke<void*>("il2cpp_domain_get");
                                    ^
  E:/MyApps/idolypride-addon/app/src/main/cpp/HoshimiLocalify/../deps/UnityResolve/UnityResolve.hpp:548:3: warning: exp
ression result unused [-Wunused-value]
                  Return();
                  ^~~~~~~~
  E:/MyApps/idolypride-addon/app/src/main/cpp/HoshimiLocalify/../deps/UnityResolve/UnityResolve.hpp:545:5: warning: exp
ression result unused [-Wunused-value]
                                  Return();
                                  ^~~~~~~~
  E:/MyApps/idolypride-addon/app/src/main/cpp/HoshimiLocalify/../deps/UnityResolve/UnityResolve.hpp:563:28: note: in in
stantiation of function template specialization 'UnityResolve::Invoke<void **, void *, unsigned long *>' requested here
                          const auto assemblies = Invoke<void**>("il2cpp_domain_get_assemblies", pDomain, &nrofassembli
es);
                                                  ^
  E:/MyApps/idolypride-addon/app/src/main/cpp/HoshimiLocalify/../deps/UnityResolve/UnityResolve.hpp:548:3: warning: exp
ression result unused [-Wunused-value]
                  Return();
                  ^~~~~~~~
  E:/MyApps/idolypride-addon/app/src/main/cpp/HoshimiLocalify/../deps/UnityResolve/UnityResolve.hpp:545:5: warning: exp
ression result unused [-Wunused-value]
                                  Return();
                                  ^~~~~~~~
  E:/MyApps/idolypride-addon/app/src/main/cpp/HoshimiLocalify/../deps/UnityResolve/UnityResolve.hpp:569:22: note: in in
stantiation of function template specialization 'UnityResolve::Invoke<const char *, void *>' requested here
                                  assembly->file = Invoke<const char*>("il2cpp_image_get_filename", image);
                                                   ^
  E:/MyApps/idolypride-addon/app/src/main/cpp/HoshimiLocalify/../deps/UnityResolve/UnityResolve.hpp:548:3: warning: exp
ression result unused [-Wunused-value]
                  Return();
                  ^~~~~~~~
  E:/MyApps/idolypride-addon/app/src/main/cpp/HoshimiLocalify/../deps/UnityResolve/UnityResolve.hpp:545:5: warning: exp
ression result unused [-Wunused-value]
                                  Return();
                                  ^~~~~~~~
  E:/MyApps/idolypride-addon/app/src/main/cpp/HoshimiLocalify/../deps/UnityResolve/UnityResolve.hpp:576:4: note: in ins
tantiation of function template specialization 'UnityResolve::Invoke<void *, void (*)(void *, std::vector<UnityResolve:
:Assembly *> &), std::vector<UnityResolve::Assembly *> &>' requested here
                          Invoke<void*, void(*)(void* ptr, std::vector<Assembly*>&), std::vector<Assembly*>&>("mono_ass
embly_foreach",
                          ^
  E:/MyApps/idolypride-addon/app/src/main/cpp/HoshimiLocalify/../deps/UnityResolve/UnityResolve.hpp:548:3: warning: exp
ression result unused [-Wunused-value]
                  Return();
                  ^~~~~~~~
  E:/MyApps/idolypride-addon/app/src/main/cpp/HoshimiLocalify/../deps/UnityResolve/UnityResolve.hpp:545:5: warning: exp
ression result unused [-Wunused-value]
                                  Return();
                                  ^~~~~~~~
  E:/MyApps/idolypride-addon/app/src/main/cpp/HoshimiLocalify/../deps/UnityResolve/UnityResolve.hpp:596:23: note: in in
stantiation of function template specialization 'UnityResolve::Invoke<int, void *>' requested here
                          const auto count = Invoke<int>("il2cpp_image_get_class_count", image);
                                             ^
  E:/MyApps/idolypride-addon/app/src/main/cpp/HoshimiLocalify/../deps/UnityResolve/UnityResolve.hpp:548:3: warning: exp
ression result unused [-Wunused-value]
                  Return();
                  ^~~~~~~~
  E:/MyApps/idolypride-addon/app/src/main/cpp/HoshimiLocalify/../deps/UnityResolve/UnityResolve.hpp:545:5: warning: exp
ression result unused [-Wunused-value]
                                  Return();
                                  ^~~~~~~~
  E:/MyApps/idolypride-addon/app/src/main/cpp/HoshimiLocalify/../deps/UnityResolve/UnityResolve.hpp:598:25: note: in in
stantiation of function template specialization 'UnityResolve::Invoke<void *, void *, int>' requested here
                                  const auto pClass = Invoke<void*>("il2cpp_image_get_class", image, i);
                                                      ^
  E:/MyApps/idolypride-addon/app/src/main/cpp/HoshimiLocalify/../deps/UnityResolve/UnityResolve.hpp:548:3: warning: exp
ression result unused [-Wunused-value]
                  Return();
                  ^~~~~~~~
  E:/MyApps/idolypride-addon/app/src/main/cpp/HoshimiLocalify/../deps/UnityResolve/UnityResolve.hpp:545:5: warning: exp
ression result unused [-Wunused-value]
                                  Return();
                                  ^~~~~~~~
  E:/MyApps/idolypride-addon/app/src/main/cpp/HoshimiLocalify/../deps/UnityResolve/UnityResolve.hpp:613:21: note: in in
stantiation of function template specialization 'UnityResolve::Invoke<void *, void *, void **>' requested here
                                          if ((i_class = Invoke<void*>("il2cpp_class_get_interfaces", pClass, &iter))) 
{
                                                         ^
  E:/MyApps/idolypride-addon/app/src/main/cpp/HoshimiLocalify/../deps/UnityResolve/UnityResolve.hpp:548:3: warning: exp
ression result unused [-Wunused-value]
                  Return();
                  ^~~~~~~~
  E:/MyApps/idolypride-addon/app/src/main/cpp/HoshimiLocalify/../deps/UnityResolve/UnityResolve.hpp:545:5: warning: exp
ression result unused [-Wunused-value]
                                  Return();
                                  ^~~~~~~~
  E:/MyApps/idolypride-addon/app/src/main/cpp/HoshimiLocalify/../deps/UnityResolve/UnityResolve.hpp:622:24: note: in in
stantiation of function template specialization 'UnityResolve::Invoke<int, const void *>' requested here
                          const auto  count = Invoke<int>("mono_table_info_get_rows", table);
                                              ^
  E:/MyApps/idolypride-addon/app/src/main/cpp/HoshimiLocalify/../deps/UnityResolve/UnityResolve.hpp:548:3: warning: exp
ression result unused [-Wunused-value]
                  Return();
                  ^~~~~~~~
  E:/MyApps/idolypride-addon/app/src/main/cpp/HoshimiLocalify/../deps/UnityResolve/UnityResolve.hpp:545:5: warning: exp
ression result unused [-Wunused-value]
                                  Return();
                                  ^~~~~~~~
  E:/MyApps/idolypride-addon/app/src/main/cpp/HoshimiLocalify/../deps/UnityResolve/UnityResolve.hpp:675:27: note: in in
stantiation of function template specialization 'UnityResolve::Invoke<int, void *, int *>' requested here
                                          pField->type->size = Invoke<int>("mono_type_size", pField->type->address, &tS
ize);
                                                               ^
  E:/MyApps/idolypride-addon/app/src/main/cpp/HoshimiLocalify/../deps/UnityResolve/UnityResolve.hpp:548:3: warning: exp
ression result unused [-Wunused-value]
                  Return();
                  ^~~~~~~~
  E:/MyApps/idolypride-addon/app/src/main/cpp/HoshimiLocalify/../deps/UnityResolve/UnityResolve.hpp:545:5: warning: exp
ression result unused [-Wunused-value]
                                  Return();
                                  ^~~~~~~~
  E:/MyApps/idolypride-addon/app/src/main/cpp/HoshimiLocalify/../deps/UnityResolve/UnityResolve.hpp:704:95: note: in in
stantiation of function template specialization 'UnityResolve::Invoke<const char *, void *, int>' requested here
                                          for (auto index = 0; index < argCount; index++) pMethod->args.push_back(new M
ethod::Arg{ Invoke<const char*>("il2cpp_method_get_param_name", method, index), new Type{.address = Invoke<void*>("il2c
pp_method_get_param", method, index), .name = Invoke<const char*>("il2cpp_type_get_name", Invoke<void*>("il2cpp_method_
get_param", method, index)), .size = -1} });
                                                                                                                       
            ^
  E:/MyApps/idolypride-addon/app/src/main/cpp/HoshimiLocalify/../deps/UnityResolve/UnityResolve.hpp:548:3: warning: exp
ression result unused [-Wunused-value]
                  Return();
                  ^~~~~~~~
  E:/MyApps/idolypride-addon/app/src/main/cpp/HoshimiLocalify/../deps/UnityResolve/UnityResolve.hpp:545:5: warning: exp
ression result unused [-Wunused-value]
                                  Return();
                                  ^~~~~~~~
  E:/MyApps/idolypride-addon/app/src/main/cpp/HoshimiLocalify/../deps/UnityResolve/UnityResolve.hpp:1407:53: note: in i
nstantiation of function template specialization 'UnityResolve::Invoke<UnityResolve::UnityType::String *, const char *>
' requested here
                                  if (mode_ == Mode::Il2Cpp) return UnityResolve::Invoke<String*, const char*>("il2cpp_
string_new", str.c_str());
                                                                                  ^
  E:/MyApps/idolypride-addon/app/src/main/cpp/HoshimiLocalify/../deps/UnityResolve/UnityResolve.hpp:548:3: warning: exp
ression result unused [-Wunused-value]
                  Return();
                  ^~~~~~~~
  E:/MyApps/idolypride-addon/app/src/main/cpp/HoshimiLocalify/../deps/UnityResolve/UnityResolve.hpp:545:5: warning: exp
ression result unused [-Wunused-value]
                                  Return();
                                  ^~~~~~~~
  E:/MyApps/idolypride-addon/app/src/main/cpp/HoshimiLocalify/../deps/UnityResolve/UnityResolve.hpp:1408:26: note: in i
nstantiation of function template specialization 'UnityResolve::Invoke<UnityResolve::UnityType::String *, void *, const
 char *>' requested here
                                  return UnityResolve::Invoke<String*, void*, const char*>("mono_string_new", UnityReso
lve::Invoke<void*>("mono_get_root_domain"), str.c_str());
                                                       ^
  E:/MyApps/idolypride-addon/app/src/main/cpp/HoshimiLocalify/../deps/UnityResolve/UnityResolve.hpp:548:3: warning: exp
ression result unused [-Wunused-value]
                  Return();
                  ^~~~~~~~
  E:/MyApps/idolypride-addon/app/src/main/cpp/HoshimiLocalify/../deps/UnityResolve/UnityResolve.hpp:545:5: warning: exp
ression result unused [-Wunused-value]
                                  Return();
                                  ^~~~~~~~
  E:/MyApps/idolypride-addon/app/src/main/cpp/HoshimiLocalify/../deps/UnityResolve/UnityResolve.hpp:1489:53: note: in i
nstantiation of function template specialization 'UnityResolve::Invoke<UnityResolve::UnityType::Array<UnityResolve::Uni
tyType::Camera *> *, void *, unsigned long>' requested here
                                  if (mode_ == Mode::Il2Cpp) return UnityResolve::Invoke<Array*, void*, std::uintptr_t>
("il2cpp_array_new", kalss->address, size);
                                                                                  ^
  E:/MyApps/idolypride-addon/app/src/main/cpp/HoshimiLocalify/../deps/UnityResolve/UnityResolve.hpp:1803:42: note: in i
nstantiation of member function 'UnityResolve::UnityType::Array<UnityResolve::UnityType::Camera *>::New' requested here
                                                  const auto array = Array<Camera*>::New(klass, count);
                                                                                     ^
  E:/MyApps/idolypride-addon/app/src/main/cpp/HoshimiLocalify/../deps/UnityResolve/UnityResolve.hpp:548:3: warning: exp
ression result unused [-Wunused-value]
                  Return();
                  ^~~~~~~~
  E:/MyApps/idolypride-addon/app/src/main/cpp/HoshimiLocalify/../deps/UnityResolve/UnityResolve.hpp:545:5: warning: exp
ression result unused [-Wunused-value]
                                  Return();
                                  ^~~~~~~~
  E:/MyApps/idolypride-addon/app/src/main/cpp/HoshimiLocalify/../deps/UnityResolve/UnityResolve.hpp:1490:26: note: in i
nstantiation of function template specialization 'UnityResolve::Invoke<UnityResolve::UnityType::Array<UnityResolve::Uni
tyType::Camera *> *, void *, void *, unsigned long>' requested here
                                  return UnityResolve::Invoke<Array*, void*, void*, std::uintptr_t>("mono_array_new", p
Domain, kalss->address, size);
                                                       ^
  E:/MyApps/idolypride-addon/app/src/main/cpp/HoshimiLocalify/../deps/UnityResolve/UnityResolve.hpp:1803:42: note: in i
nstantiation of member function 'UnityResolve::UnityType::Array<UnityResolve::UnityType::Camera *>::New' requested here
                                                  const auto array = Array<Camera*>::New(klass, count);
                                                                                     ^
  E:/MyApps/idolypride-addon/app/src/main/cpp/HoshimiLocalify/../deps/UnityResolve/UnityResolve.hpp:548:3: warning: exp
ression result unused [-Wunused-value]
                  Return();
                  ^~~~~~~~
  E:/MyApps/idolypride-addon/app/src/main/cpp/HoshimiLocalify/../deps/UnityResolve/UnityResolve.hpp:545:5: warning: exp
ression result unused [-Wunused-value]
                                  Return();
                                  ^~~~~~~~
  E:/MyApps/idolypride-addon/app/src/main/cpp/HoshimiLocalify/Il2cppUtils.hpp:165:30: note: in instantiation of functio
n template specialization 'UnityResolve::Invoke<void *, const char *>' requested here
          return UnityResolve::Invoke<void*>("il2cpp_resolve_icall", s);
                               ^
  In file included from E:/MyApps/idolypride-addon/app/src/main/cpp/HoshimiLocalify/Hook.cpp:5:
  E:/MyApps/idolypride-addon/app/src/main/cpp/HoshimiLocalify/../deps/UnityResolve/UnityResolve.hpp:548:3: warning: exp
ression result unused [-Wunused-value]
                  Return();
                  ^~~~~~~~
  E:/MyApps/idolypride-addon/app/src/main/cpp/HoshimiLocalify/../deps/UnityResolve/UnityResolve.hpp:545:5: warning: exp
ression result unused [-Wunused-value]
                                  Return();
                                  ^~~~~~~~
  E:/MyApps/idolypride-addon/app/src/main/cpp/HoshimiLocalify/Il2cppUtils.hpp:173:30: note: in instantiation of functio
n template specialization 'UnityResolve::Invoke<Il2cppUtils::MethodInfo *, void *, const char *, int>' requested here
          return UnityResolve::Invoke<MethodInfo*>("il2cpp_class_get_method_from_name", klass, name, argsCount);
                               ^
  In file included from E:/MyApps/idolypride-addon/app/src/main/cpp/HoshimiLocalify/Hook.cpp:5:
  E:/MyApps/idolypride-addon/app/src/main/cpp/HoshimiLocalify/../deps/UnityResolve/UnityResolve.hpp:548:3: warning: exp
ression result unused [-Wunused-value]
                  Return();
                  ^~~~~~~~
  E:/MyApps/idolypride-addon/app/src/main/cpp/HoshimiLocalify/../deps/UnityResolve/UnityResolve.hpp:545:5: warning: exp
ression result unused [-Wunused-value]
                                  Return();
                                  ^~~~~~~~
  E:/MyApps/idolypride-addon/app/src/main/cpp/HoshimiLocalify/Il2cppUtils.hpp:228:30: note: in instantiation of functio
n template specialization 'UnityResolve::Invoke<void *, Il2cppUtils::Il2CppReflectionType *>' requested here
          return UnityResolve::Invoke<void*>("il2cpp_class_from_system_type", reflectionType);
                               ^
  In file included from E:/MyApps/idolypride-addon/app/src/main/cpp/HoshimiLocalify/Hook.cpp:5:
  E:/MyApps/idolypride-addon/app/src/main/cpp/HoshimiLocalify/../deps/UnityResolve/UnityResolve.hpp:548:3: warning: exp
ression result unused [-Wunused-value]
                  Return();
                  ^~~~~~~~
  E:/MyApps/idolypride-addon/app/src/main/cpp/HoshimiLocalify/../deps/UnityResolve/UnityResolve.hpp:545:5: warning: exp
ression result unused [-Wunused-value]
                                  Return();
                                  ^~~~~~~~
  E:/MyApps/idolypride-addon/app/src/main/cpp/HoshimiLocalify/Il2cppUtils.hpp:234:37: note: in instantiation of functio
n template specialization 'UnityResolve::Invoke<bool, Il2cppUtils::Il2CppClassHead *>' requested here
          auto isEnum = UnityResolve::Invoke<bool>("il2cpp_class_is_enum", enumClass);
                                      ^
  In file included from E:/MyApps/idolypride-addon/app/src/main/cpp/HoshimiLocalify/Hook.cpp:5:
  E:/MyApps/idolypride-addon/app/src/main/cpp/HoshimiLocalify/../deps/UnityResolve/UnityResolve.hpp:548:3: warning: exp
ression result unused [-Wunused-value]
                  Return();
                  ^~~~~~~~
  E:/MyApps/idolypride-addon/app/src/main/cpp/HoshimiLocalify/../deps/UnityResolve/UnityResolve.hpp:545:5: warning: exp
ression result unused [-Wunused-value]
                                  Return();
                                  ^~~~~~~~
  E:/MyApps/idolypride-addon/app/src/main/cpp/HoshimiLocalify/Il2cppUtils.hpp:244:43: note: in instantiation of functio
n template specialization 'UnityResolve::Invoke<Il2cppUtils::FieldInfo *, Il2cppUtils::Il2CppClassHead *, void **>' req
uested here
              while ((field = UnityResolve::Invoke<FieldInfo*>("il2cpp_class_get_fields", enumClass, &iter))) {
                                            ^
  In file included from E:/MyApps/idolypride-addon/app/src/main/cpp/HoshimiLocalify/Hook.cpp:5:
  E:/MyApps/idolypride-addon/app/src/main/cpp/HoshimiLocalify/../deps/UnityResolve/UnityResolve.hpp:548:3: warning: exp
ression result unused [-Wunused-value]
                  Return();
                  ^~~~~~~~
  E:/MyApps/idolypride-addon/app/src/main/cpp/HoshimiLocalify/../deps/UnityResolve/UnityResolve.hpp:545:5: warning: exp
ression result unused [-Wunused-value]
                                  Return();
                                  ^~~~~~~~
  E:/MyApps/idolypride-addon/app/src/main/cpp/HoshimiLocalify/../deps/UnityResolve/UnityResolve.hpp:159:38: note: in in
stantiation of function template specialization 'UnityResolve::Invoke<void **, void *>' requested here
                          if (mode_ == Mode::Il2Cpp) return Invoke<T*, void*>("il2cpp_object_new", address);
                                                            ^
  E:/MyApps/idolypride-addon/app/src/main/cpp/HoshimiLocalify/Hook.cpp:75:44: note: in instantiation of function templa
te specialization 'UnityResolve::Class::New<void *>' requested here
          const auto klassInstance = pClass->New<void*>();
                                             ^
  In file included from E:/MyApps/idolypride-addon/app/src/main/cpp/HoshimiLocalify/Hook.cpp:5:
  E:/MyApps/idolypride-addon/app/src/main/cpp/HoshimiLocalify/../deps/UnityResolve/UnityResolve.hpp:548:3: warning: exp
ression result unused [-Wunused-value]
                  Return();
                  ^~~~~~~~
  E:/MyApps/idolypride-addon/app/src/main/cpp/HoshimiLocalify/../deps/UnityResolve/UnityResolve.hpp:545:5: warning: exp
ression result unused [-Wunused-value]
                                  Return();
                                  ^~~~~~~~
  E:/MyApps/idolypride-addon/app/src/main/cpp/HoshimiLocalify/../deps/UnityResolve/UnityResolve.hpp:160:11: note: in in
stantiation of function template specialization 'UnityResolve::Invoke<void **, void *, void *>' requested here
                          return Invoke<T*, void*, void*>("mono_object_new", pDomain, address);
                                 ^
  E:/MyApps/idolypride-addon/app/src/main/cpp/HoshimiLocalify/Hook.cpp:75:44: note: in instantiation of function templa
te specialization 'UnityResolve::Class::New<void *>' requested here
          const auto klassInstance = pClass->New<void*>();
                                             ^
  In file included from E:/MyApps/idolypride-addon/app/src/main/cpp/HoshimiLocalify/Hook.cpp:5:
  E:/MyApps/idolypride-addon/app/src/main/cpp/HoshimiLocalify/../deps/UnityResolve/UnityResolve.hpp:548:3: warning: exp
ression result unused [-Wunused-value]
                  Return();
                  ^~~~~~~~
  46 warnings and 2 errors generated.
  ninja: build stopped: subcommand failed.
  
  C++ build system [build] failed while executing:
      @echo off
      "C:\\Users\\Cyle\\AppData\\Local\\Android\\Sdk\\cmake\\3.22.1\\bin\\ninja.exe" ^
        -C ^
        "E:\\MyApps\\idolypride-addon\\app\\.cxx\\Debug\\27x1x2k5\\arm64-v8a" ^
        HoshimiLocalify
    from E:\MyApps\idolypride-addon\app

* Try:
> Run with --stacktrace option to get the stack trace.
> Run with --info or --debug option to get more log output.
> Run with --scan to get full insights.
> Get more help at https://help.gradle.org.

BUILD FAILED in 1s
31 actionable tasks: 2 executed, 29 up-to-date
